\BOOKMARK [1][-]{section.1}{\376\377\000I\000n\000t\000r\000o\000d\000u\000c\000t\000i\000o\000n}{}% 1
\BOOKMARK [1][-]{section.2}{\376\377\000H\000y\000p\000e\000r\000p\000a\000r\000a\000m\000e\000t\000e\000r\000\040\000T\000u\000n\000i\000n\000g}{}% 2
\BOOKMARK [1][-]{section.3}{\376\377\000I\000n\000s\000u\000r\000a\000n\000c\000e\000\040\000C\000h\000a\000r\000g\000e\000s}{}% 3
\BOOKMARK [2][-]{subsection.3.1}{\376\377\000E\000x\000p\000l\000o\000r\000a\000t\000o\000r\000y\000\040\000D\000a\000t\000a\000\040\000A\000n\000a\000l\000y\000s\000i\000s}{section.3}% 4
\BOOKMARK [2][-]{subsection.3.2}{\376\377\000M\000u\000l\000t\000i\000p\000l\000e\000\040\000L\000i\000n\000e\000a\000r\000\040\000R\000e\000g\000r\000e\000s\000s\000i\000o\000n}{section.3}% 5
\BOOKMARK [3][-]{subsubsection.3.2.1}{\376\377\000Q\000u\000a\000l\000i\000t\000y\000\040\000o\000f\000\040\000F\000i\000t}{subsection.3.2}% 6
\BOOKMARK [3][-]{subsubsection.3.2.2}{\376\377\000F\000e\000a\000t\000u\000r\000e\000\040\000S\000e\000l\000e\000c\000t\000i\000o\000n}{subsection.3.2}% 7
\BOOKMARK [2][-]{subsection.3.3}{\376\377\000R\000i\000d\000g\000e\000\040\000R\000e\000g\000r\000e\000s\000s\000i\000o\000n}{section.3}% 8
\BOOKMARK [3][-]{subsubsection.3.3.1}{\376\377\000Q\000u\000a\000l\000i\000t\000y\000\040\000o\000f\000\040\000F\000i\000t}{subsection.3.3}% 9
\BOOKMARK [3][-]{subsubsection.3.3.2}{\376\377\000F\000e\000a\000t\000u\000r\000e\000\040\000S\000e\000l\000e\000c\000t\000i\000o\000n}{subsection.3.3}% 10
\BOOKMARK [2][-]{subsection.3.4}{\376\377\000L\000a\000s\000s\000o\000\040\000R\000e\000g\000r\000e\000s\000s\000i\000o\000n}{section.3}% 11
\BOOKMARK [3][-]{subsubsection.3.4.1}{\376\377\000Q\000u\000a\000l\000i\000t\000y\000\040\000o\000f\000\040\000F\000i\000t}{subsection.3.4}% 12
\BOOKMARK [3][-]{subsubsection.3.4.2}{\376\377\000F\000e\000a\000t\000u\000r\000e\000\040\000S\000e\000l\000e\000c\000t\000i\000o\000n}{subsection.3.4}% 13
\BOOKMARK [2][-]{subsection.3.5}{\376\377\000S\000q\000r\000t\000\040\000T\000r\000a\000n\000s\000f\000o\000r\000m\000a\000t\000i\000o\000n}{section.3}% 14
\BOOKMARK [3][-]{subsubsection.3.5.1}{\376\377\000Q\000u\000a\000l\000i\000t\000y\000\040\000o\000f\000\040\000F\000i\000t}{subsection.3.5}% 15
\BOOKMARK [3][-]{subsubsection.3.5.2}{\376\377\000F\000e\000a\000t\000u\000r\000e\000\040\000S\000e\000l\000e\000c\000t\000i\000o\000n}{subsection.3.5}% 16
\BOOKMARK [2][-]{subsection.3.6}{\376\377\000L\000o\000g\0001\000p\000\040\000T\000r\000a\000n\000s\000f\000o\000r\000m\000a\000t\000i\000o\000n}{section.3}% 17
\BOOKMARK [3][-]{subsubsection.3.6.1}{\376\377\000Q\000u\000a\000l\000i\000t\000y\000\040\000o\000f\000\040\000F\000i\000t}{subsection.3.6}% 18
\BOOKMARK [3][-]{subsubsection.3.6.2}{\376\377\000F\000e\000a\000t\000u\000r\000e\000\040\000S\000e\000l\000e\000c\000t\000i\000o\000n}{subsection.3.6}% 19
\BOOKMARK [2][-]{subsection.3.7}{\376\377\000B\000o\000x\000-\000C\000o\000x\000\040\000T\000r\000a\000n\000s\000f\000o\000r\000m\000a\000t\000i\000o\000n}{section.3}% 20
\BOOKMARK [3][-]{subsubsection.3.7.1}{\376\377\000Q\000u\000a\000l\000i\000t\000y\000\040\000o\000f\000\040\000F\000i\000t}{subsection.3.7}% 21
\BOOKMARK [3][-]{subsubsection.3.7.2}{\376\377\000F\000e\000a\000t\000u\000r\000e\000\040\000S\000e\000l\000e\000c\000t\000i\000o\000n}{subsection.3.7}% 22
\BOOKMARK [2][-]{subsection.3.8}{\376\377\000O\000r\000d\000e\000r\000\040\0002\000\040\000R\000e\000g\000r\000e\000s\000s\000i\000o\000n}{section.3}% 23
\BOOKMARK [3][-]{subsubsection.3.8.1}{\376\377\000Q\000u\000a\000l\000i\000t\000y\000\040\000o\000f\000\040\000F\000i\000t}{subsection.3.8}% 24
\BOOKMARK [3][-]{subsubsection.3.8.2}{\376\377\000F\000e\000a\000t\000u\000r\000e\000\040\000S\000e\000l\000e\000c\000t\000i\000o\000n}{subsection.3.8}% 25
\BOOKMARK [2][-]{subsection.3.9}{\376\377\000T\000w\000o\000\040\000L\000a\000y\000e\000r\000\040\000N\000e\000u\000r\000a\000l\000\040\000N\000e\000t\000w\000o\000r\000k}{section.3}% 26
\BOOKMARK [3][-]{subsubsection.3.9.1}{\376\377\000Q\000u\000a\000l\000i\000t\000y\000\040\000o\000f\000\040\000F\000i\000t}{subsection.3.9}% 27
\BOOKMARK [3][-]{subsubsection.3.9.2}{\376\377\000F\000e\000a\000t\000u\000r\000e\000\040\000S\000e\000l\000e\000c\000t\000i\000o\000n}{subsection.3.9}% 28
\BOOKMARK [2][-]{subsection.3.10}{\376\377\000T\000h\000r\000e\000e\000\040\000L\000a\000y\000e\000r\000\040\000N\000e\000u\000r\000a\000l\000\040\000N\000e\000t\000w\000o\000r\000k}{section.3}% 29
\BOOKMARK [3][-]{subsubsection.3.10.1}{\376\377\000Q\000u\000a\000l\000i\000t\000y\000\040\000o\000f\000\040\000F\000i\000t}{subsection.3.10}% 30
\BOOKMARK [3][-]{subsubsection.3.10.2}{\376\377\000F\000e\000a\000t\000u\000r\000e\000\040\000S\000e\000l\000e\000c\000t\000i\000o\000n}{subsection.3.10}% 31
\BOOKMARK [2][-]{subsection.3.11}{\376\377\000F\000o\000u\000r\000\040\000L\000a\000y\000e\000r\000\040\000N\000e\000u\000r\000a\000l\000\040\000N\000e\000t\000w\000o\000r\000k}{section.3}% 32
\BOOKMARK [3][-]{subsubsection.3.11.1}{\376\377\000Q\000u\000a\000l\000i\000t\000y\000\040\000o\000f\000\040\000F\000i\000t}{subsection.3.11}% 33
\BOOKMARK [3][-]{subsubsection.3.11.2}{\376\377\000F\000e\000a\000t\000u\000r\000e\000\040\000S\000e\000l\000e\000c\000t\000i\000o\000n}{subsection.3.11}% 34
\BOOKMARK [2][-]{subsection.3.12}{\376\377\000M\000o\000d\000e\000l\000\040\000C\000o\000m\000p\000a\000r\000i\000s\000o\000n}{section.3}% 35
\BOOKMARK [1][-]{section.4}{\376\377\000I\000n\000s\000u\000r\000a\000n\000c\000e\000\040\000A\000n\000n\000u\000a\000l\000\040\000P\000r\000e\000m\000i\000u\000m}{}% 36
\BOOKMARK [2][-]{subsection.4.1}{\376\377\000E\000x\000p\000l\000o\000r\000a\000t\000o\000r\000y\000\040\000D\000a\000t\000a\000\040\000A\000n\000a\000l\000y\000s\000i\000s}{section.4}% 37
\BOOKMARK [2][-]{subsection.4.2}{\376\377\000R\000a\000n\000d\000o\000m\000\040\000F\000o\000r\000e\000s\000t}{section.4}% 38
\BOOKMARK [2][-]{subsection.4.3}{\376\377\000O\000t\000h\000e\000r\000\040\000M\000o\000d\000e\000l\000i\000n\000g\000\040\000T\000e\000c\000h\000n\000i\000q\000u\000e\000s}{section.4}% 39
