This is pdfTeX, Version 3.141592653-2.6-1.40.26 (TeX Live 2024) (preloaded format=pdflatex 2024.5.10)  27 APR 2026 16:22
entering extended mode
 \write18 enabled.
 file:line:error style messages enabled.
 %&-line parsing enabled.
**Report.tex
(./Report.tex
LaTeX2e <2023-11-01> patch level 1
L3 programming layer <2024-02-20>
(/usr/local/texlive/2024/texmf-dist/tex/latex/base/article.cls
Document Class: article 2023/05/17 v1.4n Standard LaTeX document class
(/usr/local/texlive/2024/texmf-dist/tex/latex/base/size10.clo
File: size10.clo 2023/05/17 v1.4n Standard LaTeX file (size option)
)
\c@part=\count188
\c@section=\count189
\c@subsection=\count190
\c@subsubsection=\count191
\c@paragraph=\count192
\c@subparagraph=\count193
\c@figure=\count194
\c@table=\count195
\abovecaptionskip=\skip48
\belowcaptionskip=\skip49
\bibindent=\dimen140
)
(/usr/local/texlive/2024/texmf-dist/tex/latex/base/inputenc.sty
Package: inputenc 2021/02/14 v1.3d Input encoding file
\inpenc@prehook=\toks17
\inpenc@posthook=\toks18
)
(/usr/local/texlive/2024/texmf-dist/tex/latex/geometry/geometry.sty
Package: geometry 2020/01/02 v5.9 Page Geometry

(/usr/local/texlive/2024/texmf-dist/tex/latex/graphics/keyval.sty
Package: keyval 2022/05/29 v1.15 key=value parser (DPC)
\KV@toks@=\toks19
)
(/usr/local/texlive/2024/texmf-dist/tex/generic/iftex/ifvtex.sty
Package: ifvtex 2019/10/25 v1.7 ifvtex legacy package. Use iftex instead.

(/usr/local/texlive/2024/texmf-dist/tex/generic/iftex/iftex.sty
Package: iftex 2022/02/03 v1.0f TeX engine tests
))
\Gm@cnth=\count196
\Gm@cntv=\count197
\c@Gm@tempcnt=\count198
\Gm@bindingoffset=\dimen141
\Gm@wd@mp=\dimen142
\Gm@odd@mp=\dimen143
\Gm@even@mp=\dimen144
\Gm@layoutwidth=\dimen145
\Gm@layoutheight=\dimen146
\Gm@layouthoffset=\dimen147
\Gm@layoutvoffset=\dimen148
\Gm@dimlist=\toks20
)
(/usr/local/texlive/2024/texmf-dist/tex/latex/graphics/graphicx.sty
Package: graphicx 2021/09/16 v1.2d Enhanced LaTeX Graphics (DPC,SPQR)

(/usr/local/texlive/2024/texmf-dist/tex/latex/graphics/graphics.sty
Package: graphics 2022/03/10 v1.4e Standard LaTeX Graphics (DPC,SPQR)

(/usr/local/texlive/2024/texmf-dist/tex/latex/graphics/trig.sty
Package: trig 2021/08/11 v1.11 sin cos tan (DPC)
)
(/usr/local/texlive/2024/texmf-dist/tex/latex/graphics-cfg/graphics.cfg
File: graphics.cfg 2016/06/04 v1.11 sample graphics configuration
)
Package graphics Info: Driver file: pdftex.def on input line 107.

(/usr/local/texlive/2024/texmf-dist/tex/latex/graphics-def/pdftex.def
File: pdftex.def 2022/09/22 v1.2b Graphics/color driver for pdftex
))
\Gin@req@height=\dimen149
\Gin@req@width=\dimen150
)
(/usr/local/texlive/2024/texmf-dist/tex/latex/caption/caption.sty
Package: caption 2023/08/05 v3.6o Customizing captions (AR)

(/usr/local/texlive/2024/texmf-dist/tex/latex/caption/caption3.sty
Package: caption3 2023/07/31 v2.4d caption3 kernel (AR)
\caption@tempdima=\dimen151
\captionmargin=\dimen152
\caption@leftmargin=\dimen153
\caption@rightmargin=\dimen154
\caption@width=\dimen155
\caption@indent=\dimen156
\caption@parindent=\dimen157
\caption@hangindent=\dimen158
Package caption Info: Standard document class detected.
)
\c@caption@flags=\count199
\c@continuedfloat=\count266
)
(/usr/local/texlive/2024/texmf-dist/tex/latex/caption/subcaption.sty
Package: subcaption 2023/07/28 v1.6b Sub-captions (AR)
Package caption Info: New subtype `subfigure' on input line 238.
\c@subfigure=\count267
Package caption Info: New subtype `subtable' on input line 238.
\c@subtable=\count268
)
(/usr/local/texlive/2024/texmf-dist/tex/latex/amsmath/amsmath.sty
Package: amsmath 2023/05/13 v2.17o AMS math features
\@mathmargin=\skip50

For additional information on amsmath, use the `?' option.
(/usr/local/texlive/2024/texmf-dist/tex/latex/amsmath/amstext.sty
Package: amstext 2021/08/26 v2.01 AMS text

(/usr/local/texlive/2024/texmf-dist/tex/latex/amsmath/amsgen.sty
File: amsgen.sty 1999/11/30 v2.0 generic functions
\@emptytoks=\toks21
\ex@=\dimen159
))
(/usr/local/texlive/2024/texmf-dist/tex/latex/amsmath/amsbsy.sty
Package: amsbsy 1999/11/29 v1.2d Bold Symbols
\pmbraise@=\dimen160
)
(/usr/local/texlive/2024/texmf-dist/tex/latex/amsmath/amsopn.sty
Package: amsopn 2022/04/08 v2.04 operator names
)
\inf@bad=\count269
LaTeX Info: Redefining \frac on input line 234.
\uproot@=\count270
\leftroot@=\count271
LaTeX Info: Redefining \overline on input line 399.
LaTeX Info: Redefining \colon on input line 410.
\classnum@=\count272
\DOTSCASE@=\count273
LaTeX Info: Redefining \ldots on input line 496.
LaTeX Info: Redefining \dots on input line 499.
LaTeX Info: Redefining \cdots on input line 620.
\Mathstrutbox@=\box51
\strutbox@=\box52
LaTeX Info: Redefining \big on input line 722.
LaTeX Info: Redefining \Big on input line 723.
LaTeX Info: Redefining \bigg on input line 724.
LaTeX Info: Redefining \Bigg on input line 725.
\big@size=\dimen161
LaTeX Font Info:    Redeclaring font encoding OML on input line 743.
LaTeX Font Info:    Redeclaring font encoding OMS on input line 744.
\macc@depth=\count274
LaTeX Info: Redefining \bmod on input line 905.
LaTeX Info: Redefining \pmod on input line 910.
LaTeX Info: Redefining \smash on input line 940.
LaTeX Info: Redefining \relbar on input line 970.
LaTeX Info: Redefining \Relbar on input line 971.
\c@MaxMatrixCols=\count275
\dotsspace@=\muskip16
\c@parentequation=\count276
\dspbrk@lvl=\count277
\tag@help=\toks22
\row@=\count278
\column@=\count279
\maxfields@=\count280
\andhelp@=\toks23
\eqnshift@=\dimen162
\alignsep@=\dimen163
\tagshift@=\dimen164
\tagwidth@=\dimen165
\totwidth@=\dimen166
\lineht@=\dimen167
\@envbody=\toks24
\multlinegap=\skip51
\multlinetaggap=\skip52
\mathdisplay@stack=\toks25
LaTeX Info: Redefining \[ on input line 2953.
LaTeX Info: Redefining \] on input line 2954.
)
(/usr/local/texlive/2024/texmf-dist/tex/latex/minted/minted.sty
Package: minted 2023/12/18 v2.9 Yet another Pygments shim for LaTeX

(/usr/local/texlive/2024/texmf-dist/tex/latex/kvoptions/kvoptions.sty
Package: kvoptions 2022-06-15 v3.15 Key value format for package options (HO)

(/usr/local/texlive/2024/texmf-dist/tex/generic/ltxcmds/ltxcmds.sty
Package: ltxcmds 2023-12-04 v1.26 LaTeX kernel commands for general use (HO)
)
(/usr/local/texlive/2024/texmf-dist/tex/latex/kvsetkeys/kvsetkeys.sty
Package: kvsetkeys 2022-10-05 v1.19 Key value parser (HO)
))
(/usr/local/texlive/2024/texmf-dist/tex/latex/fvextra/fvextra.sty
Package: fvextra 2023/11/28 v1.6.1 fvextra - extensions and patches for fancyvr
b

(/usr/local/texlive/2024/texmf-dist/tex/latex/etoolbox/etoolbox.sty
Package: etoolbox 2020/10/05 v2.5k e-TeX tools for LaTeX (JAW)
\etb@tempcnta=\count281
)
(/usr/local/texlive/2024/texmf-dist/tex/latex/fancyvrb/fancyvrb.sty
Package: fancyvrb 2024/01/20 4.5c verbatim text (tvz,hv)
\FV@CodeLineNo=\count282
\FV@InFile=\read2
\FV@TabBox=\box53
\c@FancyVerbLine=\count283
\FV@StepNumber=\count284
\FV@OutFile=\write3
)
(/usr/local/texlive/2024/texmf-dist/tex/latex/upquote/upquote.sty
Package: upquote 2012/04/19 v1.3 upright-quote and grave-accent glyphs in verba
tim
)
(/usr/local/texlive/2024/texmf-dist/tex/latex/lineno/lineno.sty
Package: lineno 2023/05/20 line numbers on paragraphs v5.3
\linenopenalty=\count285
\output=\toks26
\linenoprevgraf=\count286
\linenumbersep=\dimen168
\linenumberwidth=\dimen169
\c@linenumber=\count287
\c@pagewiselinenumber=\count288
\c@LN@truepage=\count289
\c@internallinenumber=\count290
\c@internallinenumbers=\count291
\quotelinenumbersep=\dimen170
\bframerule=\dimen171
\bframesep=\dimen172
\bframebox=\box54
\linenoamsmath@ams@eqpen=\count292
LaTeX Info: Redefining \\ on input line 3180.
)
\c@FancyVerbWriteLine=\count293
\c@FancyVerbBufferIndex=\count294
\c@FancyVerbBufferLength=\count295
\c@FancyVerbBufferLine=\count296
\c@FV@oldbufferlength=\count297
\c@FV@TrueTabGroupLevel=\count298
\c@FV@TrueTabCounter=\count299
\FV@TabBox@Group=\box55
\FV@TmpLength=\skip53
\c@FV@HighlightLinesStart=\count300
\c@FV@HighlightLinesStop=\count301
\FV@LoopCount=\count302
\FV@NCharsBox=\box56
\FV@BreakIndent=\dimen173
\FV@BreakIndentNChars=\count303
\FV@BreakSymbolSepLeft=\dimen174
\FV@BreakSymbolSepLeftNChars=\count304
\FV@BreakSymbolSepRight=\dimen175
\FV@BreakSymbolSepRightNChars=\count305
\FV@BreakSymbolIndentLeft=\dimen176
\FV@BreakSymbolIndentLeftNChars=\count306
\FV@BreakSymbolIndentRight=\dimen177
\FV@BreakSymbolIndentRightNChars=\count307
\c@FancyVerbLineBreakLast=\count308
\FV@LineBox=\box57
\FV@LineIndentBox=\box58
\c@FV@BreakBufferDepth=\count309
\FV@LineWidth=\dimen178
)
(/usr/local/texlive/2024/texmf-dist/tex/latex/base/ifthen.sty
Package: ifthen 2022/04/13 v1.1d Standard LaTeX ifthen package (DPC)
)
(/usr/local/texlive/2024/texmf-dist/tex/latex/tools/shellesc.sty
Package: shellesc 2023/07/08 v1.0d unified shell escape interface for LaTeX
Package shellesc Info: Unrestricted shell escape enabled on input line 75.
)
(/usr/local/texlive/2024/texmf-dist/tex/latex/ifplatform/ifplatform.sty
Package: ifplatform 2017/10/13 v0.4a Testing for the operating system

(/usr/local/texlive/2024/texmf-dist/tex/generic/pdftexcmds/pdftexcmds.sty
Package: pdftexcmds 2020-06-27 v0.33 Utility functions of pdfTeX for LuaTeX (HO
)

(/usr/local/texlive/2024/texmf-dist/tex/generic/infwarerr/infwarerr.sty
Package: infwarerr 2019/12/03 v1.5 Providing info/warning/error messages (HO)
)
Package pdftexcmds Info: \pdf@primitive is available.
Package pdftexcmds Info: \pdf@ifprimitive is available.
Package pdftexcmds Info: \pdfdraftmode found.
)
(/usr/local/texlive/2024/texmf-dist/tex/generic/catchfile/catchfile.sty
Package: catchfile 2019/12/09 v1.8 Catch the contents of a file (HO)

(/usr/local/texlive/2024/texmf-dist/tex/generic/etexcmds/etexcmds.sty
Package: etexcmds 2019/12/15 v1.7 Avoid name clashes with e-TeX commands (HO)
))
(/usr/local/texlive/2024/texmf-dist/tex/generic/iftex/ifluatex.sty
Package: ifluatex 2019/10/25 v1.5 ifluatex legacy package. Use iftex instead.
)
runsystem(uname -s > "Report.w18")...executed.


(./Report.w18)
runsystem(rm -- "Report.w18")...executed.

)
(/usr/local/texlive/2024/texmf-dist/tex/generic/xstring/xstring.sty
(/usr/local/texlive/2024/texmf-dist/tex/generic/xstring/xstring.tex
\xs_counta=\count310
\xs_countb=\count311
)
Package: xstring 2023/08/22 v1.86 String manipulations (CT)
)
(/usr/local/texlive/2024/texmf-dist/tex/latex/framed/framed.sty
Package: framed 2011/10/22 v 0.96: framed or shaded text with page breaks
\OuterFrameSep=\skip54
\fb@frw=\dimen179
\fb@frh=\dimen180
\FrameRule=\dimen181
\FrameSep=\dimen182
)
(/usr/local/texlive/2024/texmf-dist/tex/latex/float/float.sty
Package: float 2001/11/08 v1.3d Float enhancements (AL)
\c@float@type=\count312
\float@exts=\toks27
\float@box=\box59
\@float@everytoks=\toks28
\@floatcapt=\box60
)
\minted@appexistsfile=\read3
\minted@bgbox=\box61
\minted@code=\write4
\c@minted@FancyVerbLineTemp=\count313
\c@minted@pygmentizecounter=\count314
\@float@every@listing=\toks29
\c@listing=\count315
)
runsystem(mkdir -p _minted-Report)...executed.


(/usr/local/texlive/2024/texmf-dist/tex/latex/pdflscape/pdflscape.sty
Package: pdflscape 2022-10-27 v0.13 Display of landscape pages in PDF

(/usr/local/texlive/2024/texmf-dist/tex/latex/pdflscape/pdflscape-nometadata.st
y
Package: pdflscape-nometadata 2022-10-28 v0.13 Display of landscape pages in PD
F (HO)
 (/usr/local/texlive/2024/texmf-dist/tex/latex/graphics/lscape.sty
Package: lscape 2020/05/28 v3.02 Landscape Pages (DPC)
)
Package pdflscape Info: Auto-detected driver: pdftex on input line 81.
))
(/usr/local/texlive/2024/texmf-dist/tex/latex/booktabs/booktabs.sty
Package: booktabs 2020/01/12 v1.61803398 Publication quality tables
\heavyrulewidth=\dimen183
\lightrulewidth=\dimen184
\cmidrulewidth=\dimen185
\belowrulesep=\dimen186
\belowbottomsep=\dimen187
\aboverulesep=\dimen188
\abovetopsep=\dimen189
\cmidrulesep=\dimen190
\cmidrulekern=\dimen191
\defaultaddspace=\dimen192
\@cmidla=\count316
\@cmidlb=\count317
\@aboverulesep=\dimen193
\@belowrulesep=\dimen194
\@thisruleclass=\count318
\@lastruleclass=\count319
\@thisrulewidth=\dimen195
)
(/usr/local/texlive/2024/texmf-dist/tex/latex/hyperref/hyperref.sty
Package: hyperref 2024-01-20 v7.01h Hypertext links for LaTeX

(/usr/local/texlive/2024/texmf-dist/tex/generic/kvdefinekeys/kvdefinekeys.sty
Package: kvdefinekeys 2019-12-19 v1.6 Define keys (HO)
)
(/usr/local/texlive/2024/texmf-dist/tex/generic/pdfescape/pdfescape.sty
Package: pdfescape 2019/12/09 v1.15 Implements pdfTeX's escape features (HO)
)
(/usr/local/texlive/2024/texmf-dist/tex/latex/hycolor/hycolor.sty
Package: hycolor 2020-01-27 v1.10 Color options for hyperref/bookmark (HO)
)
(/usr/local/texlive/2024/texmf-dist/tex/latex/auxhook/auxhook.sty
Package: auxhook 2019-12-17 v1.6 Hooks for auxiliary files (HO)
)
(/usr/local/texlive/2024/texmf-dist/tex/latex/hyperref/nameref.sty
Package: nameref 2023-11-26 v2.56 Cross-referencing by name of section

(/usr/local/texlive/2024/texmf-dist/tex/latex/refcount/refcount.sty
Package: refcount 2019/12/15 v3.6 Data extraction from label references (HO)
)
(/usr/local/texlive/2024/texmf-dist/tex/generic/gettitlestring/gettitlestring.s
ty
Package: gettitlestring 2019/12/15 v1.6 Cleanup title references (HO)
)
\c@section@level=\count320
)
\@linkdim=\dimen196
\Hy@linkcounter=\count321
\Hy@pagecounter=\count322
 (/usr/local/texlive/2024/texmf-dist/tex/latex/hyperref/pd1enc.def
File: pd1enc.def 2024-01-20 v7.01h Hyperref: PDFDocEncoding definition (HO)
Now handling font encoding PD1 ...
... no UTF-8 mapping file for font encoding PD1
)
(/usr/local/texlive/2024/texmf-dist/tex/generic/intcalc/intcalc.sty
Package: intcalc 2019/12/15 v1.3 Expandable calculations with integers (HO)
)
\Hy@SavedSpaceFactor=\count323

(/usr/local/texlive/2024/texmf-dist/tex/latex/hyperref/puenc.def
File: puenc.def 2024-01-20 v7.01h Hyperref: PDF Unicode definition (HO)
Now handling font encoding PU ...
... no UTF-8 mapping file for font encoding PU
)
Package hyperref Info: Option `colorlinks' set `true' on input line 4062.
Package hyperref Info: Hyper figures OFF on input line 4179.
Package hyperref Info: Link nesting OFF on input line 4184.
Package hyperref Info: Hyper index ON on input line 4187.
Package hyperref Info: Plain pages OFF on input line 4194.
Package hyperref Info: Backreferencing OFF on input line 4199.
Package hyperref Info: Implicit mode ON; LaTeX internals redefined.
Package hyperref Info: Bookmarks ON on input line 4446.
\c@Hy@tempcnt=\count324

(/usr/local/texlive/2024/texmf-dist/tex/latex/url/url.sty
\Urlmuskip=\muskip17
Package: url 2013/09/16  ver 3.4  Verb mode for urls, etc.
)
LaTeX Info: Redefining \url on input line 4784.
\XeTeXLinkMargin=\dimen197

(/usr/local/texlive/2024/texmf-dist/tex/generic/bitset/bitset.sty
Package: bitset 2019/12/09 v1.3 Handle bit-vector datatype (HO)

(/usr/local/texlive/2024/texmf-dist/tex/generic/bigintcalc/bigintcalc.sty
Package: bigintcalc 2019/12/15 v1.5 Expandable calculations on big integers (HO
)
))
\Fld@menulength=\count325
\Field@Width=\dimen198
\Fld@charsize=\dimen199
Package hyperref Info: Hyper figures OFF on input line 6063.
Package hyperref Info: Link nesting OFF on input line 6068.
Package hyperref Info: Hyper index ON on input line 6071.
Package hyperref Info: backreferencing OFF on input line 6078.
Package hyperref Info: Link coloring ON on input line 6081.
Package hyperref Info: Link coloring with OCG OFF on input line 6088.
Package hyperref Info: PDF/A mode OFF on input line 6093.

(/usr/local/texlive/2024/texmf-dist/tex/latex/base/atbegshi-ltx.sty
Package: atbegshi-ltx 2021/01/10 v1.0c Emulation of the original atbegshi
package with kernel methods
)
\Hy@abspage=\count326
\c@Item=\count327
\c@Hfootnote=\count328
)
Package hyperref Info: Driver (autodetected): hpdftex.

(/usr/local/texlive/2024/texmf-dist/tex/latex/hyperref/hpdftex.def
File: hpdftex.def 2024-01-20 v7.01h Hyperref driver for pdfTeX

(/usr/local/texlive/2024/texmf-dist/tex/latex/base/atveryend-ltx.sty
Package: atveryend-ltx 2020/08/19 v1.0a Emulation of the original atveryend pac
kage
with kernel methods
)
\Fld@listcount=\count329
\c@bookmark@seq@number=\count330

(/usr/local/texlive/2024/texmf-dist/tex/latex/rerunfilecheck/rerunfilecheck.sty
Package: rerunfilecheck 2022-07-10 v1.10 Rerun checks for auxiliary files (HO)

(/usr/local/texlive/2024/texmf-dist/tex/generic/uniquecounter/uniquecounter.sty
Package: uniquecounter 2019/12/15 v1.4 Provide unlimited unique counter (HO)
)
Package uniquecounter Info: New unique counter `rerunfilecheck' on input line 2
85.
)
\Hy@SectionHShift=\skip55
) (/usr/local/texlive/2024/texmf-dist/tex/latex/cleveref/cleveref.sty
Package: cleveref 2018/03/27 v0.21.4 Intelligent cross-referencing
Package cleveref Info: `hyperref' support loaded on input line 2370.
LaTeX Info: Redefining \cref on input line 2370.
LaTeX Info: Redefining \Cref on input line 2370.
LaTeX Info: Redefining \crefrange on input line 2370.
LaTeX Info: Redefining \Crefrange on input line 2370.
LaTeX Info: Redefining \cpageref on input line 2370.
LaTeX Info: Redefining \Cpageref on input line 2370.
LaTeX Info: Redefining \cpagerefrange on input line 2370.
LaTeX Info: Redefining \Cpagerefrange on input line 2370.
LaTeX Info: Redefining \labelcref on input line 2370.
LaTeX Info: Redefining \labelcpageref on input line 2370.
)
(/usr/local/texlive/2024/texmf-dist/tex/latex/xcolor/xcolor.sty
Package: xcolor 2023/11/15 v3.01 LaTeX color extensions (UK)

(/usr/local/texlive/2024/texmf-dist/tex/latex/graphics-cfg/color.cfg
File: color.cfg 2016/01/02 v1.6 sample color configuration
)
Package xcolor Info: Driver file: pdftex.def on input line 274.

(/usr/local/texlive/2024/texmf-dist/tex/latex/graphics/mathcolor.ltx)
Package xcolor Info: Model `cmy' substituted by `cmy0' on input line 1350.
Package xcolor Info: Model `hsb' substituted by `rgb' on input line 1354.
Package xcolor Info: Model `RGB' extended on input line 1366.
Package xcolor Info: Model `HTML' substituted by `rgb' on input line 1368.
Package xcolor Info: Model `Hsb' substituted by `hsb' on input line 1369.
Package xcolor Info: Model `tHsb' substituted by `hsb' on input line 1370.
Package xcolor Info: Model `HSB' substituted by `hsb' on input line 1371.
Package xcolor Info: Model `Gray' substituted by `gray' on input line 1372.
Package xcolor Info: Model `wave' substituted by `hsb' on input line 1373.
)
runsystem(command -v pygmentize && touch Report.aex)...executed.

runsystem(rm Report.aex)...executed.


(/usr/local/texlive/2024/texmf-dist/tex/latex/l3backend/l3backend-pdftex.def
File: l3backend-pdftex.def 2024-02-20 L3 backend support: PDF output (pdfTeX)
\l__color_backend_stack_int=\count331
\l__pdf_internal_box=\box62
)
(./Report.aux)
\openout1 = `Report.aux'.

LaTeX Font Info:    Checking defaults for OML/cmm/m/it on input line 22.
LaTeX Font Info:    ... okay on input line 22.
LaTeX Font Info:    Checking defaults for OMS/cmsy/m/n on input line 22.
LaTeX Font Info:    ... okay on input line 22.
LaTeX Font Info:    Checking defaults for OT1/cmr/m/n on input line 22.
LaTeX Font Info:    ... okay on input line 22.
LaTeX Font Info:    Checking defaults for T1/cmr/m/n on input line 22.
LaTeX Font Info:    ... okay on input line 22.
LaTeX Font Info:    Checking defaults for TS1/cmr/m/n on input line 22.
LaTeX Font Info:    ... okay on input line 22.
LaTeX Font Info:    Checking defaults for OMX/cmex/m/n on input line 22.
LaTeX Font Info:    ... okay on input line 22.
LaTeX Font Info:    Checking defaults for U/cmr/m/n on input line 22.
LaTeX Font Info:    ... okay on input line 22.
LaTeX Font Info:    Checking defaults for PD1/pdf/m/n on input line 22.
LaTeX Font Info:    ... okay on input line 22.
LaTeX Font Info:    Checking defaults for PU/pdf/m/n on input line 22.
LaTeX Font Info:    ... okay on input line 22.

*geometry* driver: auto-detecting
*geometry* detected driver: pdftex
*geometry* verbose mode - [ preamble ] result:
* driver: pdftex
* paper: <default>
* layout: <same size as paper>
* layoutoffset:(h,v)=(0.0pt,0.0pt)
* modes: 
* h-part:(L,W,R)=(28.45274pt, 557.38951pt, 28.45274pt)
* v-part:(T,H,B)=(56.9055pt, 681.15898pt, 56.9055pt)
* \paperwidth=614.295pt
* \paperheight=794.96999pt
* \textwidth=557.38951pt
* \textheight=681.15898pt
* \oddsidemargin=-43.81725pt
* \evensidemargin=-43.81725pt
* \topmargin=-52.36449pt
* \headheight=12.0pt
* \headsep=25.0pt
* \topskip=10.0pt
* \footskip=30.0pt
* \marginparwidth=65.0pt
* \marginparsep=11.0pt
* \columnsep=10.0pt
* \skip\footins=9.0pt plus 4.0pt minus 2.0pt
* \hoffset=0.0pt
* \voffset=0.0pt
* \mag=1000
* \@twocolumnfalse
* \@twosidefalse
* \@mparswitchfalse
* \@reversemarginfalse
* (1in=72.27pt=25.4mm, 1cm=28.453pt)

(/usr/local/texlive/2024/texmf-dist/tex/context/base/mkii/supp-pdf.mkii
[Loading MPS to PDF converter (version 2006.09.02).]
\scratchcounter=\count332
\scratchdimen=\dimen256
\scratchbox=\box63
\nofMPsegments=\count333
\nofMParguments=\count334
\everyMPshowfont=\toks30
\MPscratchCnt=\count335
\MPscratchDim=\dimen257
\MPnumerator=\count336
\makeMPintoPDFobject=\count337
\everyMPtoPDFconversion=\toks31
) (/usr/local/texlive/2024/texmf-dist/tex/latex/epstopdf-pkg/epstopdf-base.sty
Package: epstopdf-base 2020-01-24 v2.11 Base part for package epstopdf
Package epstopdf-base Info: Redefining graphics rule for `.eps' on input line 4
85.

(/usr/local/texlive/2024/texmf-dist/tex/latex/latexconfig/epstopdf-sys.cfg
File: epstopdf-sys.cfg 2010/07/13 v1.3 Configuration of (r)epstopdf for TeX Liv
e
))
Package caption Info: Begin \AtBeginDocument code.
Package caption Info: float package is loaded.
Package caption Info: hyperref package is loaded.
Package caption Info: End \AtBeginDocument code.
Package hyperref Info: Link coloring ON on input line 22.

(./Report.out) (./Report.out)
\@outlinefile=\write5
\openout5 = `Report.out'.

 [1

{/usr/local/texlive/2024/texmf-var/fonts/map/pdftex/updmap/pdftex.map}{/usr/loc
al/texlive/2024/texmf-dist/fonts/enc/dvips/cm-super/cm-super-ts1.enc}]
<../Insurance_Charges/histograms.png, id=207, 859.65166pt x 569.84895pt>
File: ../Insurance_Charges/histograms.png Graphic file (type png)
<use ../Insurance_Charges/histograms.png>
Package pdftex.def Info: ../Insurance_Charges/histograms.png  used on input lin
e 69.
(pdftex.def)             Requested size: 418.04213pt x 277.1155pt.
<../Insurance_Charges/boxplots.png, id=209, 1293.27165pt x 859.2903pt>
File: ../Insurance_Charges/boxplots.png Graphic file (type png)
<use ../Insurance_Charges/boxplots.png>
Package pdftex.def Info: ../Insurance_Charges/boxplots.png  used on input line 
77.
(pdftex.def)             Requested size: 418.04213pt x 277.7582pt.
 [2 <../Insurance_Charges/histograms.png>]
<../Insurance_Charges/scatterplots.png, id=219, 1148.73164pt x 569.30693pt>
File: ../Insurance_Charges/scatterplots.png Graphic file (type png)
<use ../Insurance_Charges/scatterplots.png>
Package pdftex.def Info: ../Insurance_Charges/scatterplots.png  used on input l
ine 87.
(pdftex.def)             Requested size: 418.04213pt x 207.17418pt.
<../Insurance_Charges/correlation_heatmap.png, id=220, 678.6153pt x 570.933pt>
File: ../Insurance_Charges/correlation_heatmap.png Graphic file (type png)
<use ../Insurance_Charges/correlation_heatmap.png>
Package pdftex.def Info: ../Insurance_Charges/correlation_heatmap.png  used on 
input line 95.
(pdftex.def)             Requested size: 278.69475pt x 234.47606pt.
 [3 <../Insurance_Charges/boxplots.png> <../Insurance_Charges/scatterplots.png>
]
<../Insurance_Charges/Hue_Plots.png, id=230, 1202.39212pt x 1437.4503pt>
File: ../Insurance_Charges/Hue_Plots.png Graphic file (type png)
<use ../Insurance_Charges/Hue_Plots.png>
Package pdftex.def Info: ../Insurance_Charges/Hue_Plots.png  used on input line
 105.
(pdftex.def)             Requested size: 501.64716pt x 599.71115pt.
 [4 <../Insurance_Charges/correlation_heatmap.png>]
<../Insurance_Charges_Plots/Reg_In_Sample.png, id=237, 722.7pt x 433.62pt>
File: ../Insurance_Charges_Plots/Reg_In_Sample.png Graphic file (type png)
<use ../Insurance_Charges_Plots/Reg_In_Sample.png>
Package pdftex.def Info: ../Insurance_Charges_Plots/Reg_In_Sample.png  used on 
input line 126.
(pdftex.def)             Requested size: 273.12392pt x 163.87085pt.
<../Insurance_Charges_Plots/Reg_80_20.png, id=238, 722.7pt x 433.62pt>
File: ../Insurance_Charges_Plots/Reg_80_20.png Graphic file (type png)
<use ../Insurance_Charges_Plots/Reg_80_20.png>
Package pdftex.def Info: ../Insurance_Charges_Plots/Reg_80_20.png  used on inpu
t line 131.
(pdftex.def)             Requested size: 273.12392pt x 163.87085pt.
 [5 <../Insurance_Charges/Hue_Plots.png>] [6 <../Insurance_Charges_Plots/Reg_In
_Sample.png> <../Insurance_Charges_Plots/Reg_80_20.png>]
<../Insurance_Charges_Plots/Reg_rSq_Forward.png, id=252, 722.7pt x 433.62pt>
File: ../Insurance_Charges_Plots/Reg_rSq_Forward.png Graphic file (type png)
<use ../Insurance_Charges_Plots/Reg_rSq_Forward.png>
Package pdftex.def Info: ../Insurance_Charges_Plots/Reg_rSq_Forward.png  used o
n input line 195.
(pdftex.def)             Requested size: 273.12392pt x 163.87085pt.
<../Insurance_Charges_Plots/Reg_AIC_BIC_Forward.png, id=253, 722.7pt x 433.62pt
>
File: ../Insurance_Charges_Plots/Reg_AIC_BIC_Forward.png Graphic file (type png
)
<use ../Insurance_Charges_Plots/Reg_AIC_BIC_Forward.png>
Package pdftex.def Info: ../Insurance_Charges_Plots/Reg_AIC_BIC_Forward.png  us
ed on input line 200.
(pdftex.def)             Requested size: 273.12392pt x 163.87085pt.
<../Insurance_Charges_Plots/Reg_rSq_Backward.png, id=254, 722.7pt x 433.62pt>
File: ../Insurance_Charges_Plots/Reg_rSq_Backward.png Graphic file (type png)
<use ../Insurance_Charges_Plots/Reg_rSq_Backward.png>
Package pdftex.def Info: ../Insurance_Charges_Plots/Reg_rSq_Backward.png  used 
on input line 214.
(pdftex.def)             Requested size: 273.12392pt x 163.87085pt.
<../Insurance_Charges_Plots/Reg_AIC_BIC_Backward.png, id=255, 722.7pt x 433.62p
t>
File: ../Insurance_Charges_Plots/Reg_AIC_BIC_Backward.png Graphic file (type pn
g)
<use ../Insurance_Charges_Plots/Reg_AIC_BIC_Backward.png>
Package pdftex.def Info: ../Insurance_Charges_Plots/Reg_AIC_BIC_Backward.png  u
sed on input line 219.
(pdftex.def)             Requested size: 273.12392pt x 163.87085pt.
 [7 <../Insurance_Charges_Plots/Reg_rSq_Forward.png> <../Insurance_Charges_Plot
s/Reg_AIC_BIC_Forward.png>]
<../Insurance_Charges_Plots/Reg_rSq_Stepwise.png, id=265, 722.7pt x 433.62pt>
File: ../Insurance_Charges_Plots/Reg_rSq_Stepwise.png Graphic file (type png)
<use ../Insurance_Charges_Plots/Reg_rSq_Stepwise.png>
Package pdftex.def Info: ../Insurance_Charges_Plots/Reg_rSq_Stepwise.png  used 
on input line 233.
(pdftex.def)             Requested size: 273.12392pt x 163.87085pt.
<../Insurance_Charges_Plots/Reg_AIC_BIC_Stepwise.png, id=266, 722.7pt x 433.62p
t>
File: ../Insurance_Charges_Plots/Reg_AIC_BIC_Stepwise.png Graphic file (type pn
g)
<use ../Insurance_Charges_Plots/Reg_AIC_BIC_Stepwise.png>
Package pdftex.def Info: ../Insurance_Charges_Plots/Reg_AIC_BIC_Stepwise.png  u
sed on input line 238.
(pdftex.def)             Requested size: 273.12392pt x 163.87085pt.
<../Insurance_Charges_Plots/Ridge_In_Sample.png, id=267, 722.7pt x 433.62pt>
File: ../Insurance_Charges_Plots/Ridge_In_Sample.png Graphic file (type png)
<use ../Insurance_Charges_Plots/Ridge_In_Sample.png>
Package pdftex.def Info: ../Insurance_Charges_Plots/Ridge_In_Sample.png  used o
n input line 263.
(pdftex.def)             Requested size: 273.12392pt x 163.87085pt.
<../Insurance_Charges_Plots/Ridge_80_20.png, id=268, 722.7pt x 433.62pt>
File: ../Insurance_Charges_Plots/Ridge_80_20.png Graphic file (type png)
<use ../Insurance_Charges_Plots/Ridge_80_20.png>
Package pdftex.def Info: ../Insurance_Charges_Plots/Ridge_80_20.png  used on in
put line 268.
(pdftex.def)             Requested size: 273.12392pt x 163.87085pt.
 [8 <../Insurance_Charges_Plots/Reg_rSq_Backward.png> <../Insurance_Charges_Plo
ts/Reg_AIC_BIC_Backward.png> <../Insurance_Charges_Plots/Reg_rSq_Stepwise.png> 
<../Insurance_Charges_Plots/Reg_AIC_BIC_Stepwise.png>] [9 <../Insurance_Charges
_Plots/Ridge_In_Sample.png> <../Insurance_Charges_Plots/Ridge_80_20.png>]
<../Insurance_Charges_Plots/Ridge_rSq_Forward.png, id=287, 722.7pt x 433.62pt>
File: ../Insurance_Charges_Plots/Ridge_rSq_Forward.png Graphic file (type png)
<use ../Insurance_Charges_Plots/Ridge_rSq_Forward.png>
Package pdftex.def Info: ../Insurance_Charges_Plots/Ridge_rSq_Forward.png  used
 on input line 332.
(pdftex.def)             Requested size: 273.12392pt x 163.87085pt.
<../Insurance_Charges_Plots/Ridge_AIC_BIC_Forward.png, id=288, 722.7pt x 433.62
pt>
File: ../Insurance_Charges_Plots/Ridge_AIC_BIC_Forward.png Graphic file (type p
ng)
<use ../Insurance_Charges_Plots/Ridge_AIC_BIC_Forward.png>
Package pdftex.def Info: ../Insurance_Charges_Plots/Ridge_AIC_BIC_Forward.png  
used on input line 337.
(pdftex.def)             Requested size: 273.12392pt x 163.87085pt.
<../Insurance_Charges_Plots/Ridge_rSq_Backward.png, id=289, 722.7pt x 433.62pt>

File: ../Insurance_Charges_Plots/Ridge_rSq_Backward.png Graphic file (type png)

<use ../Insurance_Charges_Plots/Ridge_rSq_Backward.png>
Package pdftex.def Info: ../Insurance_Charges_Plots/Ridge_rSq_Backward.png  use
d on input line 351.
(pdftex.def)             Requested size: 273.12392pt x 163.87085pt.
<../Insurance_Charges_Plots/Ridge_AIC_BIC_Backward.png, id=290, 722.7pt x 433.6
2pt>
File: ../Insurance_Charges_Plots/Ridge_AIC_BIC_Backward.png Graphic file (type 
png)
<use ../Insurance_Charges_Plots/Ridge_AIC_BIC_Backward.png>
Package pdftex.def Info: ../Insurance_Charges_Plots/Ridge_AIC_BIC_Backward.png 
 used on input line 356.
(pdftex.def)             Requested size: 273.12392pt x 163.87085pt.
 [10 <../Insurance_Charges_Plots/Ridge_rSq_Forward.png> <../Insurance_Charges_P
lots/Ridge_AIC_BIC_Forward.png>]
<../Insurance_Charges_Plots/Ridge_rSq_Stepwise.png, id=299, 722.7pt x 433.62pt>

File: ../Insurance_Charges_Plots/Ridge_rSq_Stepwise.png Graphic file (type png)

<use ../Insurance_Charges_Plots/Ridge_rSq_Stepwise.png>
Package pdftex.def Info: ../Insurance_Charges_Plots/Ridge_rSq_Stepwise.png  use
d on input line 370.
(pdftex.def)             Requested size: 273.12392pt x 163.87085pt.
<../Insurance_Charges_Plots/Ridge_AIC_BIC_Stepwise.png, id=300, 722.7pt x 433.6
2pt>
File: ../Insurance_Charges_Plots/Ridge_AIC_BIC_Stepwise.png Graphic file (type 
png)
<use ../Insurance_Charges_Plots/Ridge_AIC_BIC_Stepwise.png>
Package pdftex.def Info: ../Insurance_Charges_Plots/Ridge_AIC_BIC_Stepwise.png 
 used on input line 375.
(pdftex.def)             Requested size: 273.12392pt x 163.87085pt.
<../Insurance_Charges_Plots/Lasso_In_Sample.png, id=301, 722.7pt x 433.62pt>
File: ../Insurance_Charges_Plots/Lasso_In_Sample.png Graphic file (type png)
<use ../Insurance_Charges_Plots/Lasso_In_Sample.png>
Package pdftex.def Info: ../Insurance_Charges_Plots/Lasso_In_Sample.png  used o
n input line 402.
(pdftex.def)             Requested size: 273.12392pt x 163.87085pt.
<../Insurance_Charges_Plots/Lasso_80_20.png, id=302, 722.7pt x 433.62pt>
File: ../Insurance_Charges_Plots/Lasso_80_20.png Graphic file (type png)
<use ../Insurance_Charges_Plots/Lasso_80_20.png>
Package pdftex.def Info: ../Insurance_Charges_Plots/Lasso_80_20.png  used on in
put line 407.
(pdftex.def)             Requested size: 273.12392pt x 163.87085pt.
 [11 <../Insurance_Charges_Plots/Ridge_rSq_Backward.png> <../Insurance_Charges_
Plots/Ridge_AIC_BIC_Backward.png> <../Insurance_Charges_Plots/Ridge_rSq_Stepwis
e.png> <../Insurance_Charges_Plots/Ridge_AIC_BIC_Stepwise.png>] [12 <../Insuran
ce_Charges_Plots/Lasso_In_Sample.png> <../Insurance_Charges_Plots/Lasso_80_20.p
ng>]
<../Insurance_Charges_Plots/Lasso_rSq_Forward.png, id=321, 722.7pt x 433.62pt>
File: ../Insurance_Charges_Plots/Lasso_rSq_Forward.png Graphic file (type png)
<use ../Insurance_Charges_Plots/Lasso_rSq_Forward.png>
Package pdftex.def Info: ../Insurance_Charges_Plots/Lasso_rSq_Forward.png  used
 on input line 471.
(pdftex.def)             Requested size: 273.12392pt x 163.87085pt.
<../Insurance_Charges_Plots/Lasso_AIC_BIC_Forward.png, id=322, 722.7pt x 433.62
pt>
File: ../Insurance_Charges_Plots/Lasso_AIC_BIC_Forward.png Graphic file (type p
ng)
<use ../Insurance_Charges_Plots/Lasso_AIC_BIC_Forward.png>
Package pdftex.def Info: ../Insurance_Charges_Plots/Lasso_AIC_BIC_Forward.png  
used on input line 476.
(pdftex.def)             Requested size: 273.12392pt x 163.87085pt.
<../Insurance_Charges_Plots/Lasso_rSq_Backward.png, id=323, 722.7pt x 433.62pt>

File: ../Insurance_Charges_Plots/Lasso_rSq_Backward.png Graphic file (type png)

<use ../Insurance_Charges_Plots/Lasso_rSq_Backward.png>
Package pdftex.def Info: ../Insurance_Charges_Plots/Lasso_rSq_Backward.png  use
d on input line 490.
(pdftex.def)             Requested size: 273.12392pt x 163.87085pt.
<../Insurance_Charges_Plots/Lasso_AIC_BIC_Backward.png, id=324, 722.7pt x 433.6
2pt>
File: ../Insurance_Charges_Plots/Lasso_AIC_BIC_Backward.png Graphic file (type 
png)
<use ../Insurance_Charges_Plots/Lasso_AIC_BIC_Backward.png>
Package pdftex.def Info: ../Insurance_Charges_Plots/Lasso_AIC_BIC_Backward.png 
 used on input line 495.
(pdftex.def)             Requested size: 273.12392pt x 163.87085pt.

[13 <../Insurance_Charges_Plots/Lasso_rSq_Forward.png> <../Insurance_Charges_Pl
ots/Lasso_AIC_BIC_Forward.png>]
<../Insurance_Charges_Plots/Lasso_rSq_Stepwise.png, id=334, 722.7pt x 433.62pt>

File: ../Insurance_Charges_Plots/Lasso_rSq_Stepwise.png Graphic file (type png)

<use ../Insurance_Charges_Plots/Lasso_rSq_Stepwise.png>
Package pdftex.def Info: ../Insurance_Charges_Plots/Lasso_rSq_Stepwise.png  use
d on input line 509.
(pdftex.def)             Requested size: 273.12392pt x 163.87085pt.
<../Insurance_Charges_Plots/Lasso_AIC_BIC_Stepwise.png, id=335, 722.7pt x 433.6
2pt>
File: ../Insurance_Charges_Plots/Lasso_AIC_BIC_Stepwise.png Graphic file (type 
png)
<use ../Insurance_Charges_Plots/Lasso_AIC_BIC_Stepwise.png>
Package pdftex.def Info: ../Insurance_Charges_Plots/Lasso_AIC_BIC_Stepwise.png 
 used on input line 514.
(pdftex.def)             Requested size: 273.12392pt x 163.87085pt.
<../Insurance_Charges_Plots/Sqrt_In_Sample.png, id=336, 722.7pt x 433.62pt>
File: ../Insurance_Charges_Plots/Sqrt_In_Sample.png Graphic file (type png)
<use ../Insurance_Charges_Plots/Sqrt_In_Sample.png>
Package pdftex.def Info: ../Insurance_Charges_Plots/Sqrt_In_Sample.png  used on
 input line 537.
(pdftex.def)             Requested size: 273.12392pt x 163.87085pt.
<../Insurance_Charges_Plots/Sqrt_80_20.png, id=337, 722.7pt x 433.62pt>
File: ../Insurance_Charges_Plots/Sqrt_80_20.png Graphic file (type png)
<use ../Insurance_Charges_Plots/Sqrt_80_20.png>
Package pdftex.def Info: ../Insurance_Charges_Plots/Sqrt_80_20.png  used on inp
ut line 542.
(pdftex.def)             Requested size: 273.12392pt x 163.87085pt.
 [14 <../Insurance_Charges_Plots/Lasso_rSq_Backward.png> <../Insurance_Charges_
Plots/Lasso_AIC_BIC_Backward.png> <../Insurance_Charges_Plots/Lasso_rSq_Stepwis
e.png> <../Insurance_Charges_Plots/Lasso_AIC_BIC_Stepwise.png>] [15 <../Insuran
ce_Charges_Plots/Sqrt_In_Sample.png> <../Insurance_Charges_Plots/Sqrt_80_20.png
>]
<../Insurance_Charges_Plots/Sqrt_rSq_Forward.png, id=356, 722.7pt x 433.62pt>
File: ../Insurance_Charges_Plots/Sqrt_rSq_Forward.png Graphic file (type png)
<use ../Insurance_Charges_Plots/Sqrt_rSq_Forward.png>
Package pdftex.def Info: ../Insurance_Charges_Plots/Sqrt_rSq_Forward.png  used 
on input line 606.
(pdftex.def)             Requested size: 273.12392pt x 163.87085pt.
<../Insurance_Charges_Plots/Sqrt_AIC_BIC_Forward.png, id=357, 722.7pt x 433.62p
t>
File: ../Insurance_Charges_Plots/Sqrt_AIC_BIC_Forward.png Graphic file (type pn
g)
<use ../Insurance_Charges_Plots/Sqrt_AIC_BIC_Forward.png>
Package pdftex.def Info: ../Insurance_Charges_Plots/Sqrt_AIC_BIC_Forward.png  u
sed on input line 611.
(pdftex.def)             Requested size: 273.12392pt x 163.87085pt.
<../Insurance_Charges_Plots/Sqrt_rSq_Backward.png, id=358, 722.7pt x 433.62pt>
File: ../Insurance_Charges_Plots/Sqrt_rSq_Backward.png Graphic file (type png)
<use ../Insurance_Charges_Plots/Sqrt_rSq_Backward.png>
Package pdftex.def Info: ../Insurance_Charges_Plots/Sqrt_rSq_Backward.png  used
 on input line 625.
(pdftex.def)             Requested size: 273.12392pt x 163.87085pt.
<../Insurance_Charges_Plots/Sqrt_AIC_BIC_Backward.png, id=359, 722.7pt x 433.62
pt>
File: ../Insurance_Charges_Plots/Sqrt_AIC_BIC_Backward.png Graphic file (type p
ng)
<use ../Insurance_Charges_Plots/Sqrt_AIC_BIC_Backward.png>
Package pdftex.def Info: ../Insurance_Charges_Plots/Sqrt_AIC_BIC_Backward.png  
used on input line 630.
(pdftex.def)             Requested size: 273.12392pt x 163.87085pt.
 [16 <../Insurance_Charges_Plots/Sqrt_rSq_Forward.png> <../Insurance_Charges_Pl
ots/Sqrt_AIC_BIC_Forward.png>]
<../Insurance_Charges_Plots/Sqrt_rSq_Stepwise.png, id=368, 722.7pt x 433.62pt>
File: ../Insurance_Charges_Plots/Sqrt_rSq_Stepwise.png Graphic file (type png)
<use ../Insurance_Charges_Plots/Sqrt_rSq_Stepwise.png>
Package pdftex.def Info: ../Insurance_Charges_Plots/Sqrt_rSq_Stepwise.png  used
 on input line 644.
(pdftex.def)             Requested size: 273.12392pt x 163.87085pt.
<../Insurance_Charges_Plots/Sqrt_AIC_BIC_Stepwise.png, id=369, 722.7pt x 433.62
pt>
File: ../Insurance_Charges_Plots/Sqrt_AIC_BIC_Stepwise.png Graphic file (type p
ng)
<use ../Insurance_Charges_Plots/Sqrt_AIC_BIC_Stepwise.png>
Package pdftex.def Info: ../Insurance_Charges_Plots/Sqrt_AIC_BIC_Stepwise.png  
used on input line 649.
(pdftex.def)             Requested size: 273.12392pt x 163.87085pt.
<../Insurance_Charges_Plots/Log1p_In_Sample.png, id=370, 722.7pt x 433.62pt>
File: ../Insurance_Charges_Plots/Log1p_In_Sample.png Graphic file (type png)
<use ../Insurance_Charges_Plots/Log1p_In_Sample.png>
Package pdftex.def Info: ../Insurance_Charges_Plots/Log1p_In_Sample.png  used o
n input line 672.
(pdftex.def)             Requested size: 273.12392pt x 163.87085pt.
<../Insurance_Charges_Plots/Log1p_80_20.png, id=371, 722.7pt x 433.62pt>
File: ../Insurance_Charges_Plots/Log1p_80_20.png Graphic file (type png)
<use ../Insurance_Charges_Plots/Log1p_80_20.png>
Package pdftex.def Info: ../Insurance_Charges_Plots/Log1p_80_20.png  used on in
put line 677.
(pdftex.def)             Requested size: 273.12392pt x 163.87085pt.
 [17 <../Insurance_Charges_Plots/Sqrt_rSq_Backward.png> <../Insurance_Charges_P
lots/Sqrt_AIC_BIC_Backward.png> <../Insurance_Charges_Plots/Sqrt_rSq_Stepwise.p
ng> <../Insurance_Charges_Plots/Sqrt_AIC_BIC_Stepwise.png>] [18 <../Insurance_C
harges_Plots/Log1p_In_Sample.png> <../Insurance_Charges_Plots/Log1p_80_20.png>]
<../Insurance_Charges_Plots/Log1p_rSq_Forward.png, id=391, 722.7pt x 433.62pt>
File: ../Insurance_Charges_Plots/Log1p_rSq_Forward.png Graphic file (type png)
<use ../Insurance_Charges_Plots/Log1p_rSq_Forward.png>
Package pdftex.def Info: ../Insurance_Charges_Plots/Log1p_rSq_Forward.png  used
 on input line 741.
(pdftex.def)             Requested size: 273.12392pt x 163.87085pt.
<../Insurance_Charges_Plots/Log1p_AIC_BIC_Forward.png, id=392, 722.7pt x 433.62
pt>
File: ../Insurance_Charges_Plots/Log1p_AIC_BIC_Forward.png Graphic file (type p
ng)
<use ../Insurance_Charges_Plots/Log1p_AIC_BIC_Forward.png>
Package pdftex.def Info: ../Insurance_Charges_Plots/Log1p_AIC_BIC_Forward.png  
used on input line 746.
(pdftex.def)             Requested size: 273.12392pt x 163.87085pt.
<../Insurance_Charges_Plots/Log1p_rSq_Backward.png, id=393, 722.7pt x 433.62pt>

File: ../Insurance_Charges_Plots/Log1p_rSq_Backward.png Graphic file (type png)

<use ../Insurance_Charges_Plots/Log1p_rSq_Backward.png>
Package pdftex.def Info: ../Insurance_Charges_Plots/Log1p_rSq_Backward.png  use
d on input line 760.
(pdftex.def)             Requested size: 273.12392pt x 163.87085pt.
<../Insurance_Charges_Plots/Log1p_AIC_BIC_Backward.png, id=394, 722.7pt x 433.6
2pt>
File: ../Insurance_Charges_Plots/Log1p_AIC_BIC_Backward.png Graphic file (type 
png)
<use ../Insurance_Charges_Plots/Log1p_AIC_BIC_Backward.png>
Package pdftex.def Info: ../Insurance_Charges_Plots/Log1p_AIC_BIC_Backward.png 
 used on input line 765.
(pdftex.def)             Requested size: 273.12392pt x 163.87085pt.
 [19 <../Insurance_Charges_Plots/Log1p_rSq_Forward.png> <../Insurance_Charges_P
lots/Log1p_AIC_BIC_Forward.png>]
<../Insurance_Charges_Plots/Log1p_rSq_Stepwise.png, id=404, 722.7pt x 433.62pt>

File: ../Insurance_Charges_Plots/Log1p_rSq_Stepwise.png Graphic file (type png)

<use ../Insurance_Charges_Plots/Log1p_rSq_Stepwise.png>
Package pdftex.def Info: ../Insurance_Charges_Plots/Log1p_rSq_Stepwise.png  use
d on input line 779.
(pdftex.def)             Requested size: 273.12392pt x 163.87085pt.
<../Insurance_Charges_Plots/Log1p_AIC_BIC_Stepwise.png, id=405, 722.7pt x 433.6
2pt>
File: ../Insurance_Charges_Plots/Log1p_AIC_BIC_Stepwise.png Graphic file (type 
png)
<use ../Insurance_Charges_Plots/Log1p_AIC_BIC_Stepwise.png>
Package pdftex.def Info: ../Insurance_Charges_Plots/Log1p_AIC_BIC_Stepwise.png 
 used on input line 784.
(pdftex.def)             Requested size: 273.12392pt x 163.87085pt.
<../Insurance_Charges_Plots/BoxCox_In_Sample.png, id=406, 722.7pt x 433.62pt>
File: ../Insurance_Charges_Plots/BoxCox_In_Sample.png Graphic file (type png)
<use ../Insurance_Charges_Plots/BoxCox_In_Sample.png>
Package pdftex.def Info: ../Insurance_Charges_Plots/BoxCox_In_Sample.png  used 
on input line 809.
(pdftex.def)             Requested size: 273.12392pt x 163.87085pt.
<../Insurance_Charges_Plots/BoxCox_80_20.png, id=407, 722.7pt x 433.62pt>
File: ../Insurance_Charges_Plots/BoxCox_80_20.png Graphic file (type png)
<use ../Insurance_Charges_Plots/BoxCox_80_20.png>
Package pdftex.def Info: ../Insurance_Charges_Plots/BoxCox_80_20.png  used on i
nput line 814.
(pdftex.def)             Requested size: 273.12392pt x 163.87085pt.
 [20 <../Insurance_Charges_Plots/Log1p_rSq_Backward.png> <../Insurance_Charges_
Plots/Log1p_AIC_BIC_Backward.png> <../Insurance_Charges_Plots/Log1p_rSq_Stepwis
e.png> <../Insurance_Charges_Plots/Log1p_AIC_BIC_Stepwise.png>] [21 <../Insuran
ce_Charges_Plots/BoxCox_In_Sample.png> <../Insurance_Charges_Plots/BoxCox_80_20
.png>]
<../Insurance_Charges_Plots/BoxCox_rSq_Forward.png, id=426, 722.7pt x 433.62pt>

File: ../Insurance_Charges_Plots/BoxCox_rSq_Forward.png Graphic file (type png)

<use ../Insurance_Charges_Plots/BoxCox_rSq_Forward.png>
Package pdftex.def Info: ../Insurance_Charges_Plots/BoxCox_rSq_Forward.png  use
d on input line 878.
(pdftex.def)             Requested size: 273.12392pt x 163.87085pt.
<../Insurance_Charges_Plots/BoxCox_AIC_BIC_Forward.png, id=427, 722.7pt x 433.6
2pt>
File: ../Insurance_Charges_Plots/BoxCox_AIC_BIC_Forward.png Graphic file (type 
png)
<use ../Insurance_Charges_Plots/BoxCox_AIC_BIC_Forward.png>
Package pdftex.def Info: ../Insurance_Charges_Plots/BoxCox_AIC_BIC_Forward.png 
 used on input line 883.
(pdftex.def)             Requested size: 273.12392pt x 163.87085pt.
<../Insurance_Charges_Plots/BoxCox_rSq_Backward.png, id=428, 722.7pt x 433.62pt
>
File: ../Insurance_Charges_Plots/BoxCox_rSq_Backward.png Graphic file (type png
)
<use ../Insurance_Charges_Plots/BoxCox_rSq_Backward.png>
Package pdftex.def Info: ../Insurance_Charges_Plots/BoxCox_rSq_Backward.png  us
ed on input line 897.
(pdftex.def)             Requested size: 273.12392pt x 163.87085pt.
<../Insurance_Charges_Plots/BoxCox_AIC_BIC_Backward.png, id=429, 722.7pt x 433.
62pt>
File: ../Insurance_Charges_Plots/BoxCox_AIC_BIC_Backward.png Graphic file (type
 png)
<use ../Insurance_Charges_Plots/BoxCox_AIC_BIC_Backward.png>
Package pdftex.def Info: ../Insurance_Charges_Plots/BoxCox_AIC_BIC_Backward.png
  used on input line 902.
(pdftex.def)             Requested size: 273.12392pt x 163.87085pt.
 [22 <../Insurance_Charges_Plots/BoxCox_rSq_Forward.png> <../Insurance_Charges_
Plots/BoxCox_AIC_BIC_Forward.png>]
<../Insurance_Charges_Plots/BoxCox_rSq_Stepwise.png, id=438, 722.7pt x 433.62pt
>
File: ../Insurance_Charges_Plots/BoxCox_rSq_Stepwise.png Graphic file (type png
)
<use ../Insurance_Charges_Plots/BoxCox_rSq_Stepwise.png>
Package pdftex.def Info: ../Insurance_Charges_Plots/BoxCox_rSq_Stepwise.png  us
ed on input line 916.
(pdftex.def)             Requested size: 273.12392pt x 163.87085pt.
<../Insurance_Charges_Plots/BoxCox_AIC_BIC_Stepwise.png, id=439, 722.7pt x 433.
62pt>
File: ../Insurance_Charges_Plots/BoxCox_AIC_BIC_Stepwise.png Graphic file (type
 png)
<use ../Insurance_Charges_Plots/BoxCox_AIC_BIC_Stepwise.png>
Package pdftex.def Info: ../Insurance_Charges_Plots/BoxCox_AIC_BIC_Stepwise.png
  used on input line 921.
(pdftex.def)             Requested size: 273.12392pt x 163.87085pt.
<../Insurance_Charges_Plots/Order2Reg_In_Sample.png, id=440, 722.7pt x 433.62pt
>
File: ../Insurance_Charges_Plots/Order2Reg_In_Sample.png Graphic file (type png
)
<use ../Insurance_Charges_Plots/Order2Reg_In_Sample.png>
Package pdftex.def Info: ../Insurance_Charges_Plots/Order2Reg_In_Sample.png  us
ed on input line 946.
(pdftex.def)             Requested size: 273.12392pt x 163.87085pt.
<../Insurance_Charges_Plots/Order2Reg_80_20.png, id=441, 722.7pt x 433.62pt>
File: ../Insurance_Charges_Plots/Order2Reg_80_20.png Graphic file (type png)
<use ../Insurance_Charges_Plots/Order2Reg_80_20.png>
Package pdftex.def Info: ../Insurance_Charges_Plots/Order2Reg_80_20.png  used o
n input line 951.
(pdftex.def)             Requested size: 273.12392pt x 163.87085pt.
 [23 <../Insurance_Charges_Plots/BoxCox_rSq_Backward.png> <../Insurance_Charges
_Plots/BoxCox_AIC_BIC_Backward.png> <../Insurance_Charges_Plots/BoxCox_rSq_Step
wise.png> <../Insurance_Charges_Plots/BoxCox_AIC_BIC_Stepwise.png>] [24 <../Ins
urance_Charges_Plots/Order2Reg_In_Sample.png> <../Insurance_Charges_Plots/Order
2Reg_80_20.png>]
<../Insurance_Charges_Plots/Order2Reg_rSq_Forward.png, id=460, 722.7pt x 433.62
pt>
File: ../Insurance_Charges_Plots/Order2Reg_rSq_Forward.png Graphic file (type p
ng)
<use ../Insurance_Charges_Plots/Order2Reg_rSq_Forward.png>
Package pdftex.def Info: ../Insurance_Charges_Plots/Order2Reg_rSq_Forward.png  
used on input line 1015.
(pdftex.def)             Requested size: 273.12392pt x 163.87085pt.
<../Insurance_Charges_Plots/Order2Reg_AIC_BIC_Forward.png, id=461, 722.7pt x 43
3.62pt>
File: ../Insurance_Charges_Plots/Order2Reg_AIC_BIC_Forward.png Graphic file (ty
pe png)
<use ../Insurance_Charges_Plots/Order2Reg_AIC_BIC_Forward.png>
Package pdftex.def Info: ../Insurance_Charges_Plots/Order2Reg_AIC_BIC_Forward.p
ng  used on input line 1020.
(pdftex.def)             Requested size: 273.12392pt x 163.87085pt.

[25 <../Insurance_Charges_Plots/Order2Reg_rSq_Forward.png> <../Insurance_Charge
s_Plots/Order2Reg_AIC_BIC_Forward.png>]
<../Insurance_Charges_Plots/Order2Reg_rSq_Backward.png, id=471, 722.7pt x 433.6
2pt>
File: ../Insurance_Charges_Plots/Order2Reg_rSq_Backward.png Graphic file (type 
png)
<use ../Insurance_Charges_Plots/Order2Reg_rSq_Backward.png>
Package pdftex.def Info: ../Insurance_Charges_Plots/Order2Reg_rSq_Backward.png 
 used on input line 1034.
(pdftex.def)             Requested size: 273.12392pt x 163.87085pt.
<../Insurance_Charges_Plots/Order2Reg_AIC_BIC_Backward.png, id=472, 722.7pt x 4
33.62pt>
File: ../Insurance_Charges_Plots/Order2Reg_AIC_BIC_Backward.png Graphic file (t
ype png)
<use ../Insurance_Charges_Plots/Order2Reg_AIC_BIC_Backward.png>
Package pdftex.def Info: ../Insurance_Charges_Plots/Order2Reg_AIC_BIC_Backward.
png  used on input line 1039.
(pdftex.def)             Requested size: 273.12392pt x 163.87085pt.
<../Insurance_Charges_Plots/Order2Reg_rSq_Stepwise.png, id=473, 722.7pt x 433.6
2pt>
File: ../Insurance_Charges_Plots/Order2Reg_rSq_Stepwise.png Graphic file (type 
png)
<use ../Insurance_Charges_Plots/Order2Reg_rSq_Stepwise.png>
Package pdftex.def Info: ../Insurance_Charges_Plots/Order2Reg_rSq_Stepwise.png 
 used on input line 1053.
(pdftex.def)             Requested size: 273.12392pt x 163.87085pt.
<../Insurance_Charges_Plots/Order2Reg_AIC_BIC_Stepwise.png, id=474, 722.7pt x 4
33.62pt>
File: ../Insurance_Charges_Plots/Order2Reg_AIC_BIC_Stepwise.png Graphic file (t
ype png)
<use ../Insurance_Charges_Plots/Order2Reg_AIC_BIC_Stepwise.png>
Package pdftex.def Info: ../Insurance_Charges_Plots/Order2Reg_AIC_BIC_Stepwise.
png  used on input line 1058.
(pdftex.def)             Requested size: 273.12392pt x 163.87085pt.
<../Insurance_Charges_Plots/NN_2L_In_Sample.png, id=475, 722.7pt x 433.62pt>
File: ../Insurance_Charges_Plots/NN_2L_In_Sample.png Graphic file (type png)
<use ../Insurance_Charges_Plots/NN_2L_In_Sample.png>
Package pdftex.def Info: ../Insurance_Charges_Plots/NN_2L_In_Sample.png  used o
n input line 1083.
(pdftex.def)             Requested size: 273.12392pt x 163.87085pt.
<../Insurance_Charges_Plots/NN_2L_80_20.png, id=476, 722.7pt x 433.62pt>
File: ../Insurance_Charges_Plots/NN_2L_80_20.png Graphic file (type png)
<use ../Insurance_Charges_Plots/NN_2L_80_20.png>
Package pdftex.def Info: ../Insurance_Charges_Plots/NN_2L_80_20.png  used on in
put line 1088.
(pdftex.def)             Requested size: 273.12392pt x 163.87085pt.
 [26 <../Insurance_Charges_Plots/Order2Reg_rSq_Backward.png> <../Insurance_Char
ges_Plots/Order2Reg_AIC_BIC_Backward.png> <../Insurance_Charges_Plots/Order2Reg
_rSq_Stepwise.png> <../Insurance_Charges_Plots/Order2Reg_AIC_BIC_Stepwise.png>]
 [27 <../Insurance_Charges_Plots/NN_2L_In_Sample.png> <../Insurance_Charges_Plo
ts/NN_2L_80_20.png>]
<../Insurance_Charges_Plots/NN_2L_rSq_Forward.png, id=495, 722.7pt x 433.62pt>
File: ../Insurance_Charges_Plots/NN_2L_rSq_Forward.png Graphic file (type png)
<use ../Insurance_Charges_Plots/NN_2L_rSq_Forward.png>
Package pdftex.def Info: ../Insurance_Charges_Plots/NN_2L_rSq_Forward.png  used
 on input line 1152.
(pdftex.def)             Requested size: 273.12392pt x 163.87085pt.
<../Insurance_Charges_Plots/NN_2L_AIC_BIC_Forward.png, id=496, 722.7pt x 433.62
pt>
File: ../Insurance_Charges_Plots/NN_2L_AIC_BIC_Forward.png Graphic file (type p
ng)
<use ../Insurance_Charges_Plots/NN_2L_AIC_BIC_Forward.png>
Package pdftex.def Info: ../Insurance_Charges_Plots/NN_2L_AIC_BIC_Forward.png  
used on input line 1157.
(pdftex.def)             Requested size: 273.12392pt x 163.87085pt.
<../Insurance_Charges_Plots/NN_2L_rSq_Backward.png, id=497, 722.7pt x 433.62pt>

File: ../Insurance_Charges_Plots/NN_2L_rSq_Backward.png Graphic file (type png)

<use ../Insurance_Charges_Plots/NN_2L_rSq_Backward.png>
Package pdftex.def Info: ../Insurance_Charges_Plots/NN_2L_rSq_Backward.png  use
d on input line 1171.
(pdftex.def)             Requested size: 273.12392pt x 163.87085pt.
<../Insurance_Charges_Plots/NN_2L_AIC_BIC_Backward.png, id=498, 722.7pt x 433.6
2pt>
File: ../Insurance_Charges_Plots/NN_2L_AIC_BIC_Backward.png Graphic file (type 
png)
<use ../Insurance_Charges_Plots/NN_2L_AIC_BIC_Backward.png>
Package pdftex.def Info: ../Insurance_Charges_Plots/NN_2L_AIC_BIC_Backward.png 
 used on input line 1176.
(pdftex.def)             Requested size: 273.12392pt x 163.87085pt.
 [28 <../Insurance_Charges_Plots/NN_2L_rSq_Forward.png> <../Insurance_Charges_P
lots/NN_2L_AIC_BIC_Forward.png>]
<../Insurance_Charges_Plots/NN_2L_rSq_Stepwise.png, id=507, 722.7pt x 433.62pt>

File: ../Insurance_Charges_Plots/NN_2L_rSq_Stepwise.png Graphic file (type png)

<use ../Insurance_Charges_Plots/NN_2L_rSq_Stepwise.png>
Package pdftex.def Info: ../Insurance_Charges_Plots/NN_2L_rSq_Stepwise.png  use
d on input line 1190.
(pdftex.def)             Requested size: 273.12392pt x 163.87085pt.
<../Insurance_Charges_Plots/NN_2L_AIC_BIC_Stepwise.png, id=508, 722.7pt x 433.6
2pt>
File: ../Insurance_Charges_Plots/NN_2L_AIC_BIC_Stepwise.png Graphic file (type 
png)
<use ../Insurance_Charges_Plots/NN_2L_AIC_BIC_Stepwise.png>
Package pdftex.def Info: ../Insurance_Charges_Plots/NN_2L_AIC_BIC_Stepwise.png 
 used on input line 1195.
(pdftex.def)             Requested size: 273.12392pt x 163.87085pt.
<../Insurance_Charges_Plots/NN_3L_In_Sample.png, id=509, 722.7pt x 433.62pt>
File: ../Insurance_Charges_Plots/NN_3L_In_Sample.png Graphic file (type png)
<use ../Insurance_Charges_Plots/NN_3L_In_Sample.png>
Package pdftex.def Info: ../Insurance_Charges_Plots/NN_3L_In_Sample.png  used o
n input line 1220.
(pdftex.def)             Requested size: 273.12392pt x 163.87085pt.
<../Insurance_Charges_Plots/NN_3L_80_20.png, id=510, 722.7pt x 433.62pt>
File: ../Insurance_Charges_Plots/NN_3L_80_20.png Graphic file (type png)
<use ../Insurance_Charges_Plots/NN_3L_80_20.png>
Package pdftex.def Info: ../Insurance_Charges_Plots/NN_3L_80_20.png  used on in
put line 1225.
(pdftex.def)             Requested size: 273.12392pt x 163.87085pt.
 [29 <../Insurance_Charges_Plots/NN_2L_rSq_Backward.png> <../Insurance_Charges_
Plots/NN_2L_AIC_BIC_Backward.png> <../Insurance_Charges_Plots/NN_2L_rSq_Stepwis
e.png> <../Insurance_Charges_Plots/NN_2L_AIC_BIC_Stepwise.png>]
[30 <../Insurance_Charges_Plots/NN_3L_In_Sample.png> <../Insurance_Charges_Plot
s/NN_3L_80_20.png>]
<../Insurance_Charges_Plots/NN_3L_rSq_Forward.png, id=529, 722.7pt x 433.62pt>
File: ../Insurance_Charges_Plots/NN_3L_rSq_Forward.png Graphic file (type png)
<use ../Insurance_Charges_Plots/NN_3L_rSq_Forward.png>
Package pdftex.def Info: ../Insurance_Charges_Plots/NN_3L_rSq_Forward.png  used
 on input line 1289.
(pdftex.def)             Requested size: 273.12392pt x 163.87085pt.
<../Insurance_Charges_Plots/NN_3L_AIC_BIC_Forward.png, id=530, 722.7pt x 433.62
pt>
File: ../Insurance_Charges_Plots/NN_3L_AIC_BIC_Forward.png Graphic file (type p
ng)
<use ../Insurance_Charges_Plots/NN_3L_AIC_BIC_Forward.png>
Package pdftex.def Info: ../Insurance_Charges_Plots/NN_3L_AIC_BIC_Forward.png  
used on input line 1294.
(pdftex.def)             Requested size: 273.12392pt x 163.87085pt.
<../Insurance_Charges_Plots/NN_3L_rSq_Backward.png, id=531, 722.7pt x 433.62pt>

File: ../Insurance_Charges_Plots/NN_3L_rSq_Backward.png Graphic file (type png)

<use ../Insurance_Charges_Plots/NN_3L_rSq_Backward.png>
Package pdftex.def Info: ../Insurance_Charges_Plots/NN_3L_rSq_Backward.png  use
d on input line 1308.
(pdftex.def)             Requested size: 273.12392pt x 163.87085pt.
<../Insurance_Charges_Plots/NN_3L_AIC_BIC_Backward.png, id=532, 722.7pt x 433.6
2pt>
File: ../Insurance_Charges_Plots/NN_3L_AIC_BIC_Backward.png Graphic file (type 
png)
<use ../Insurance_Charges_Plots/NN_3L_AIC_BIC_Backward.png>
Package pdftex.def Info: ../Insurance_Charges_Plots/NN_3L_AIC_BIC_Backward.png 
 used on input line 1313.
(pdftex.def)             Requested size: 273.12392pt x 163.87085pt.
 [31 <../Insurance_Charges_Plots/NN_3L_rSq_Forward.png> <../Insurance_Charges_P
lots/NN_3L_AIC_BIC_Forward.png>]
<../Insurance_Charges_Plots/NN_3L_rSq_Stepwise.png, id=542, 722.7pt x 433.62pt>

File: ../Insurance_Charges_Plots/NN_3L_rSq_Stepwise.png Graphic file (type png)

<use ../Insurance_Charges_Plots/NN_3L_rSq_Stepwise.png>
Package pdftex.def Info: ../Insurance_Charges_Plots/NN_3L_rSq_Stepwise.png  use
d on input line 1327.
(pdftex.def)             Requested size: 273.12392pt x 163.87085pt.
<../Insurance_Charges_Plots/NN_3L_AIC_BIC_Stepwise.png, id=543, 722.7pt x 433.6
2pt>
File: ../Insurance_Charges_Plots/NN_3L_AIC_BIC_Stepwise.png Graphic file (type 
png)
<use ../Insurance_Charges_Plots/NN_3L_AIC_BIC_Stepwise.png>
Package pdftex.def Info: ../Insurance_Charges_Plots/NN_3L_AIC_BIC_Stepwise.png 
 used on input line 1332.
(pdftex.def)             Requested size: 273.12392pt x 163.87085pt.
<../Insurance_Charges_Plots/NN_4L_In_Sample.png, id=544, 722.7pt x 433.62pt>
File: ../Insurance_Charges_Plots/NN_4L_In_Sample.png Graphic file (type png)
<use ../Insurance_Charges_Plots/NN_4L_In_Sample.png>
Package pdftex.def Info: ../Insurance_Charges_Plots/NN_4L_In_Sample.png  used o
n input line 1357.
(pdftex.def)             Requested size: 273.12392pt x 163.87085pt.
<../Insurance_Charges_Plots/NN_4L_80_20.png, id=545, 722.7pt x 433.62pt>
File: ../Insurance_Charges_Plots/NN_4L_80_20.png Graphic file (type png)
<use ../Insurance_Charges_Plots/NN_4L_80_20.png>
Package pdftex.def Info: ../Insurance_Charges_Plots/NN_4L_80_20.png  used on in
put line 1362.
(pdftex.def)             Requested size: 273.12392pt x 163.87085pt.
 [32 <../Insurance_Charges_Plots/NN_3L_rSq_Backward.png> <../Insurance_Charges_
Plots/NN_3L_AIC_BIC_Backward.png> <../Insurance_Charges_Plots/NN_3L_rSq_Stepwis
e.png> <../Insurance_Charges_Plots/NN_3L_AIC_BIC_Stepwise.png>] [33 <../Insuran
ce_Charges_Plots/NN_4L_In_Sample.png> <../Insurance_Charges_Plots/NN_4L_80_20.p
ng>]
<../Insurance_Charges_Plots/NN_4L_rSq_Forward.png, id=564, 722.7pt x 433.62pt>
File: ../Insurance_Charges_Plots/NN_4L_rSq_Forward.png Graphic file (type png)
<use ../Insurance_Charges_Plots/NN_4L_rSq_Forward.png>
Package pdftex.def Info: ../Insurance_Charges_Plots/NN_4L_rSq_Forward.png  used
 on input line 1426.
(pdftex.def)             Requested size: 273.12392pt x 163.87085pt.
<../Insurance_Charges_Plots/NN_4L_AIC_BIC_Forward.png, id=565, 722.7pt x 433.62
pt>
File: ../Insurance_Charges_Plots/NN_4L_AIC_BIC_Forward.png Graphic file (type p
ng)
<use ../Insurance_Charges_Plots/NN_4L_AIC_BIC_Forward.png>
Package pdftex.def Info: ../Insurance_Charges_Plots/NN_4L_AIC_BIC_Forward.png  
used on input line 1431.
(pdftex.def)             Requested size: 273.12392pt x 163.87085pt.
<../Insurance_Charges_Plots/NN_4L_rSq_Backward.png, id=566, 722.7pt x 433.62pt>

File: ../Insurance_Charges_Plots/NN_4L_rSq_Backward.png Graphic file (type png)

<use ../Insurance_Charges_Plots/NN_4L_rSq_Backward.png>
Package pdftex.def Info: ../Insurance_Charges_Plots/NN_4L_rSq_Backward.png  use
d on input line 1445.
(pdftex.def)             Requested size: 273.12392pt x 163.87085pt.
<../Insurance_Charges_Plots/NN_4L_AIC_BIC_Backward.png, id=567, 722.7pt x 433.6
2pt>
File: ../Insurance_Charges_Plots/NN_4L_AIC_BIC_Backward.png Graphic file (type 
png)
<use ../Insurance_Charges_Plots/NN_4L_AIC_BIC_Backward.png>
Package pdftex.def Info: ../Insurance_Charges_Plots/NN_4L_AIC_BIC_Backward.png 
 used on input line 1450.
(pdftex.def)             Requested size: 273.12392pt x 163.87085pt.
 [34 <../Insurance_Charges_Plots/NN_4L_rSq_Forward.png> <../Insurance_Charges_P
lots/NN_4L_AIC_BIC_Forward.png>]
<../Insurance_Charges_Plots/NN_4L_rSq_Stepwise.png, id=577, 722.7pt x 433.62pt>

File: ../Insurance_Charges_Plots/NN_4L_rSq_Stepwise.png Graphic file (type png)

<use ../Insurance_Charges_Plots/NN_4L_rSq_Stepwise.png>
Package pdftex.def Info: ../Insurance_Charges_Plots/NN_4L_rSq_Stepwise.png  use
d on input line 1464.
(pdftex.def)             Requested size: 273.12392pt x 163.87085pt.
<../Insurance_Charges_Plots/NN_4L_AIC_BIC_Stepwise.png, id=578, 722.7pt x 433.6
2pt>
File: ../Insurance_Charges_Plots/NN_4L_AIC_BIC_Stepwise.png Graphic file (type 
png)
<use ../Insurance_Charges_Plots/NN_4L_AIC_BIC_Stepwise.png>
Package pdftex.def Info: ../Insurance_Charges_Plots/NN_4L_AIC_BIC_Stepwise.png 
 used on input line 1469.
(pdftex.def)             Requested size: 273.12392pt x 163.87085pt.
<../Insurance_Charges/corrmatrix.png, id=579, 538.4115pt x 458.1918pt>
File: ../Insurance_Charges/corrmatrix.png Graphic file (type png)
<use ../Insurance_Charges/corrmatrix.png>
Package pdftex.def Info: ../Insurance_Charges/corrmatrix.png  used on input lin
e 1480.
(pdftex.def)             Requested size: 278.69475pt x 237.17044pt.
 [35 <../Insurance_Charges_Plots/NN_4L_rSq_Backward.png> <../Insurance_Charges_
Plots/NN_4L_AIC_BIC_Backward.png> <../Insurance_Charges_Plots/NN_4L_rSq_Stepwis
e.png> <../Insurance_Charges_Plots/NN_4L_AIC_BIC_Stepwise.png>]
<../Insurance_Charges/rfregressionoos.png, id=590, 574.5465pt x 354.123pt>
File: ../Insurance_Charges/rfregressionoos.png Graphic file (type png)
<use ../Insurance_Charges/rfregressionoos.png>
Package pdftex.def Info: ../Insurance_Charges/rfregressionoos.png  used on inpu
t line 1487.
(pdftex.def)             Requested size: 278.69475pt x 171.77646pt.
<../Insurance_Charges/featureimportance.png, id=591, 714.7503pt x 426.393pt>
File: ../Insurance_Charges/featureimportance.png Graphic file (type png)
<use ../Insurance_Charges/featureimportance.png>
Package pdftex.def Info: ../Insurance_Charges/featureimportance.png  used on in
put line 1512.
(pdftex.def)             Requested size: 278.69475pt x 166.26006pt.

[36 <../Insurance_Charges/corrmatrix.png> <../Insurance_Charges/rfregressionoos
.png>] [37 <../Insurance_Charges/featureimportance.png>]
<../Insurance_Annual_Medical_Cost/histograms.png, id=611, 859.65166pt x 569.306
93pt>
File: ../Insurance_Annual_Medical_Cost/histograms.png Graphic file (type png)
<use ../Insurance_Annual_Medical_Cost/histograms.png>
Package pdftex.def Info: ../Insurance_Annual_Medical_Cost/histograms.png  used 
on input line 1621.
(pdftex.def)             Requested size: 418.04213pt x 276.85191pt.
 [38]
<../Insurance_Annual_Medical_Cost/boxplots.png, id=619, 1293.45233pt x 859.2903
pt>
File: ../Insurance_Annual_Medical_Cost/boxplots.png Graphic file (type png)
<use ../Insurance_Annual_Medical_Cost/boxplots.png>
Package pdftex.def Info: ../Insurance_Annual_Medical_Cost/boxplots.png  used on
 input line 1629.
(pdftex.def)             Requested size: 418.04213pt x 277.71886pt.
<../Insurance_Annual_Medical_Cost/scatterplots.png, id=622, 1148.91232pt x 569.
4876pt>
File: ../Insurance_Annual_Medical_Cost/scatterplots.png Graphic file (type png)

<use ../Insurance_Annual_Medical_Cost/scatterplots.png>
Package pdftex.def Info: ../Insurance_Annual_Medical_Cost/scatterplots.png  use
d on input line 1641.
(pdftex.def)             Requested size: 418.04213pt x 207.20517pt.
 [39 <../Insurance_Annual_Medical_Cost/histograms.png> <../Insurance_Annual_Med
ical_Cost/boxplots.png>]
<../Insurance_Annual_Medical_Cost/correlation_heatmap.png, id=631, 680.0607pt x
 570.4512pt>
File: ../Insurance_Annual_Medical_Cost/correlation_heatmap.png Graphic file (ty
pe png)
<use ../Insurance_Annual_Medical_Cost/correlation_heatmap.png>
Package pdftex.def Info: ../Insurance_Annual_Medical_Cost/correlation_heatmap.p
ng  used on input line 1649.
(pdftex.def)             Requested size: 278.69475pt x 233.78204pt.
<../Insurance_Annual_Medical_Cost/Hue_Plots.png, id=633, 1191.7323pt x 1437.450
3pt>
File: ../Insurance_Annual_Medical_Cost/Hue_Plots.png Graphic file (type png)
<use ../Insurance_Annual_Medical_Cost/Hue_Plots.png>
Package pdftex.def Info: ../Insurance_Annual_Medical_Cost/Hue_Plots.png  used o
n input line 1661.
(pdftex.def)             Requested size: 501.64716pt x 605.08492pt.
 [40 <../Insurance_Annual_Medical_Cost/scatterplots.png> <../Insurance_Annual_M
edical_Cost/correlation_heatmap.png>]
<../Insurance_Annual_Medical_Cost_Plots/Order2Reg_80_20.png, id=641, 722.7pt x 
433.62pt>
File: ../Insurance_Annual_Medical_Cost_Plots/Order2Reg_80_20.png Graphic file (
type png)
<use ../Insurance_Annual_Medical_Cost_Plots/Order2Reg_80_20.png>
Package pdftex.def Info: ../Insurance_Annual_Medical_Cost_Plots/Order2Reg_80_20
.png  used on input line 1679.
(pdftex.def)             Requested size: 278.69475pt x 167.2188pt.
 [41 <../Insurance_Annual_Medical_Cost/Hue_Plots.png>]
<../Insurance_Annual_Medical_Cost_Plots/NN_4L_80_20.png, id=647, 722.7pt x 433.
62pt>
File: ../Insurance_Annual_Medical_Cost_Plots/NN_4L_80_20.png Graphic file (type
 png)
<use ../Insurance_Annual_Medical_Cost_Plots/NN_4L_80_20.png>
Package pdftex.def Info: ../Insurance_Annual_Medical_Cost_Plots/NN_4L_80_20.png
  used on input line 1723.
(pdftex.def)             Requested size: 278.69475pt x 167.2188pt.
 [42 <../Insurance_Annual_Medical_Cost_Plots/Order2Reg_80_20.png>]
\openout3 = `Report.pyg'.

 (./_minted-Report/vs.pygstyle)
(./_minted-Report/2CBE5697C35757A1E895D2E30AAC4790DD055D5B4DEA480624863496BE9EF
04B.pygtex) [43 <../Insurance_Annual_Medical_Cost_Plots/NN_4L_80_20.png>]
<figure/rf21.jpg, id=663, 570.933pt x 354.123pt>
File: figure/rf21.jpg Graphic file (type jpg)
<use figure/rf21.jpg>
Package pdftex.def Info: figure/rf21.jpg  used on input line 1796.
(pdftex.def)             Requested size: 501.64716pt x 311.15909pt.

[44 <./figure/rf21.jpg>]
<figure/rf22.jpg, id=672, 574.5465pt x 354.123pt>
File: figure/rf22.jpg Graphic file (type jpg)
<use figure/rf22.jpg>
Package pdftex.def Info: figure/rf22.jpg  used on input line 1823.
(pdftex.def)             Requested size: 501.64716pt x 309.19762pt.
 [45

 <./figure/rf22.jpg>]

Package hyperref Warning: Difference (2) between bookmark levels is greater 
(hyperref)                than one, level fixed on input line 1829.

\openout3 = `Report.pyg'.


(./_minted-Report/A312AD9419793087F040FF2F1F35CE5EDD055D5B4DEA480624863496BE9EF
04B.pygtex)
<figure/rf23.jpg, id=680, 570.933pt x 354.123pt>
File: figure/rf23.jpg Graphic file (type jpg)
<use figure/rf23.jpg>
Package pdftex.def Info: figure/rf23.jpg  used on input line 1859.
(pdftex.def)             Requested size: 501.64716pt x 311.15909pt.
 [46 <./figure/rf23.jpg>]
<figure/rf24.jpg, id=688, 714.7503pt x 426.393pt>
File: figure/rf24.jpg Graphic file (type jpg)
<use figure/rf24.jpg>
Package pdftex.def Info: figure/rf24.jpg  used on input line 1869.
(pdftex.def)             Requested size: 501.64716pt x 299.27333pt.
 [47 <./figure/rf24.jpg>] (./Report.aux)
 ***********
LaTeX2e <2023-11-01> patch level 1
L3 programming layer <2024-02-20>
 ***********
Package rerunfilecheck Info: File `Report.out' has not changed.
(rerunfilecheck)             Checksum: 52DF3054696F73A9918D69A3F9612959;7638.
runsystem(rm Report.pyg)...executed.

 ) 
Here is how much of TeX's memory you used:
 17428 strings out of 474116
 342427 string characters out of 5743682
 1990187 words of memory out of 5000000
 39405 multiletter control sequences out of 15000+600000
 563955 words of font info for 57 fonts, out of 8000000 for 9000
 1141 hyphenation exceptions out of 8191
 77i,10n,79p,1413b,476s stack positions out of 10000i,1000n,20000p,200000b,200000s
</usr/local/texlive/2024/texmf-dist/fonts/type1/public/amsfonts/cm/cmbx10.pfb
></usr/local/texlive/2024/texmf-dist/fonts/type1/public/amsfonts/cm/cmbx12.pfb>
</usr/local/texlive/2024/texmf-dist/fonts/type1/public/amsfonts/cm/cmmi10.pfb><
/usr/local/texlive/2024/texmf-dist/fonts/type1/public/amsfonts/cm/cmr10.pfb></u
sr/local/texlive/2024/texmf-dist/fonts/type1/public/amsfonts/cm/cmr12.pfb></usr
/local/texlive/2024/texmf-dist/fonts/type1/public/amsfonts/cm/cmr17.pfb></usr/l
ocal/texlive/2024/texmf-dist/fonts/type1/public/amsfonts/cm/cmr7.pfb></usr/loca
l/texlive/2024/texmf-dist/fonts/type1/public/amsfonts/cm/cmsy10.pfb></usr/local
/texlive/2024/texmf-dist/fonts/type1/public/amsfonts/cm/cmtt10.pfb></usr/local/
texlive/2024/texmf-dist/fonts/type1/public/cm-super/sfrm1000.pfb>
Output written on Report.pdf (47 pages, 14697023 bytes).
PDF statistics:
 783 PDF objects out of 1000 (max. 8388607)
 510 compressed objects within 6 object streams
 181 named destinations out of 1000 (max. 500000)
 864 words of extra memory for PDF output out of 10000 (max. 10000000)

